// Jest Snapshot v1, https://goo.gl/fbAQLP

exports[`The Kaleidoscope given the user is configuring the streams renders correctly 1`] = `
"
<header class=\\"App-header\\">
  <p>Setup the custom streams here...</p>
</header>
"
`;

exports[`The Kaleidoscope renders correctly 1`] = `
"
<header class=\\"App-header\\">
  <img src=\\"kaleidoscope-2.svg\\" class=\\"App-logo\\" alt=\\"logo\\">
  <p>Starting Up The Streams...</p>
  <button class=\\"MuiButtonBase-root MuiButton-root configure-button MuiButton-text MuiButton-textPrimary\\" tabindex=\\"0\\" type=\\"button\\">
    <span class=\\"MuiButton-label\\">Configure Streams</span>
  </button>
</header>
"
`;
