// Jest Snapshot v1, https://goo.gl/fbAQLP

exports[`The Cycler renders correctly 1`] = `
"
<div>
  <iframe title=\\"Google\\" allow=\\"accelerometer; autoplay; encrypted-media; gyroscope; picture-in-picture\\" src=\\"https://www.google.com\\">Your browser doesn&#x27;t support iFrames.</iframe>
  <div class=\\"time-display\\">
    <div class=\\"time-box\\">00:01</div>
  </div>
</div>
"
`;
