// Jest Snapshot v1, https://goo.gl/fbAQLP

exports[`The App renders correctly 1`] = `
"
<div class=\\"App\\">
  <header class=\\"App-header\\">
    <img src=\\"kaleidoscope-2.svg\\" class=\\"App-logo\\" alt=\\"logo\\">
    <p>Starting Up The Streams...</p>
    <button class=\\"MuiButtonBase-root MuiButton-root configure-button MuiButton-text MuiButton-textPrimary\\" tabindex=\\"0\\" type=\\"button\\">
      <span class=\\"MuiButton-label\\">Configure Streams</span>
    </button>
  </header>
</div>
"
`;
