// Jest Snapshot v1, https://goo.gl/fbAQLP

exports[`The App renders correctly 1`] = `
<div
  className="App"
  onClick={[Function]}
>
  <div>
    <header
      className="App-header"
    >
      <img
        alt="logo"
        className="App-logo"
        src="kaleidoscope-2.svg"
      />
      <p>
        Starting Up The Streams...
      </p>
    </header>
  </div>
</div>
`;
